Script started on Sun 02 Sep 2018 03:16:06 PM EDT
bash-4.2$ cd os161/root/
bash-4.2$ os161-gdb kernel
GNU gdb 6.6
Copyright (C) 2006 Free Software Foundation, Inc.
GDB is free software, covered by the GNU General Public License, and you are
welcome to change it and/or distribute copies of it under certain conditions.
Type "show copying" to see the conditions.
There is absolutely no warranty for GDB.  Type "show warranty" for details.
This GDB was configured as "--host=x86_64-unknown-linux-gnu --target=mips-harvard-os161"...
(gdb) dir ../kern/cmo[K[Kompu[Kile/ASST0
Warning: /home/mwiesbau/os161/root/../kern/compile/ASST0: No such file or directory.
Source directories searched: /home/mwiesbau/os161/root/../kern/compile/ASST0:$cdir:$cwd
(gdb) dir ../kern/compile/ASST0(gdb) dir (gdb) dir ../kern/compile/ASST0[K2
Source directories searched: /home/mwiesbau/os161/root/../kern/compile/ASST2:/home/mwiesbau/os161/root/../kern/compile/ASST0:$cdir:$cwd
(gdb) target remote unix:/[K.sockets/gdb
Remote debugging using unix:.sockets/gdb
[New Thread 10]
__start () at ../../arch/sys161/main/start.S:54
54	   addiu sp, sp, -24
Current language:  auto; currently asm
(gdb) break menu
Breakpoint 1 at 0x800157a4: file ../../main/menu.c, line 732.
(gdb) c
Continuing.

Breakpoint 1, menu (args=0x800373f0 "") at ../../main/menu.c:732
732		menu_execute(args, 1);
Current language:  auto; currently c
(gdb) where
#0  menu (args=0x800373f0 "") at ../../main/menu.c:732
#1  0xffffffff80014680 in kmain (arguments=0x800373f0 "") at ../../main/main.c:215
#2  0xffffffff8002ef6c in __start () at ../../arch/sys161/main/start.S:216
(gdb) detach
Ending remote debugging.
(gdb) quit
bash-4.2$ exit

Script done on Sun 02 Sep 2018 03:19:43 PM EDT
